Last Price: 713.00
Change: -2.00
%Change: -0.28%
Previous Close: 715.00
Open: 715.00
Low: 705.00
High: 726.00
Average Price: 715.50
Volume: 515,910
Value: 368,351,075.00
Net Foreign: 24,284,235.00
52-Week High: 908.00
Earnings Per Share: 27.28 ,14.20%
Price to Book Value: 2.60
52-Week Low: 600.00
Price-Earnings Ratio: 26.1364
Return on Equity: 10.00
Fair Value:: 0.00 ,-100.00%
Dividends Per Share: 0.50%
Support 1: 694.00
Resistance 1: 735.00
Short-Term Trend: DOWNTREND
Support 2: 670.00
Resistance 2: 786.00
Year to Date: -5.69%
Month to Date: -1.79%
MA 20: 722.3750,BEARISH,729.6313,BEARISH
MA 50: 779.30,BEARISH,767.0138,BEARISH
MA 100: 827.90,BEARISH,796.6514,BEARISH
MA 200: 816.91,BEARISH,801.5129,BEARISH
RSI: 41.6684,BEARISH
MACD: -16.1318,-20.0945997318,BULLISH
ATR: 22.9910,3.22%,NEUTRAL
CCI: -53.4120,BEARISH
STS: 59.0616,BEARISH
Williams: -45.5696,NEUTRAL
VolumeSMA: 481,927,BULLISH
CandleStick: None,NEUTRAL
